Archive member included to satisfy reference by file (symbol)

c:/program files/microchip/xc8/v3.00/avr/bin/../lib/gcc/avr/5.4.0/../../../../avr/lib/avrxmega3/short-calls\libc.a(exit.o)
                              C:/Program Files/Microchip/MPLABX/v6.25/packs/Microchip/ATtiny_DFP/3.2.268/xc8/avr/lib/avrxmega3/short-calls/crtattiny416.o (exit)
c:/program files/microchip/xc8/v3.00/avr/bin/../lib/gcc/avr/5.4.0/../../../../avr/lib/avrxmega3/short-calls\libc.a(strcmp.o)
                              build/default/debug/newmain.o (strcmp)
c:/program files/microchip/xc8/v3.00/avr/bin/../lib/gcc/avr/5.4.0/../../../../avr/lib/avrxmega3/short-calls\libc.a(_Exit.o)
                              c:/program files/microchip/xc8/v3.00/avr/bin/../lib/gcc/avr/5.4.0/../../../../avr/lib/avrxmega3/short-calls\libc.a(exit.o) (_Exit)
C:/Program Files/Microchip/MPLABX/v6.25/packs/Microchip/ATtiny_DFP/3.2.268/xc8/avr/lib/avrxmega3/short-calls\libattiny416.a(eewr_block_xmega.o)
                              build/default/debug/newmain.o (eeprom_write_block)
C:/Program Files/Microchip/MPLABX/v6.25/packs/Microchip/ATtiny_DFP/3.2.268/xc8/avr/lib/avrxmega3/short-calls\libattiny416.a(eerd_block.o)
                              build/default/debug/newmain.o (eeprom_read_block)
C:/Program Files/Microchip/MPLABX/v6.25/packs/Microchip/ATtiny_DFP/3.2.268/xc8/avr/lib/avrxmega3/short-calls\libattiny416.a(eerd_byte.o)
                              build/default/debug/newmain.o (eeprom_read_byte)
C:/Program Files/Microchip/MPLABX/v6.25/packs/Microchip/ATtiny_DFP/3.2.268/xc8/avr/lib/avrxmega3/short-calls\libattiny416.a(eewr_byte.o)
                              build/default/debug/newmain.o (eeprom_write_byte)
c:/program files/microchip/xc8/v3.00/avr/bin/../lib/gcc/avr/5.4.0/avrxmega3/short-calls\libgcc.a(_exit.o)
                              c:/program files/microchip/xc8/v3.00/avr/bin/../lib/gcc/avr/5.4.0/../../../../avr/lib/avrxmega3/short-calls\libc.a(_Exit.o) (_exit)
c:/program files/microchip/xc8/v3.00/avr/bin/../lib/gcc/avr/5.4.0/avrxmega3/short-calls\libgcc.a(_prologue.o)
                              C:/Program Files/Microchip/MPLABX/v6.25/packs/Microchip/ATtiny_DFP/3.2.268/xc8/avr/lib/avrxmega3/short-calls\libattiny416.a(eewr_block_xmega.o) (__prologue_saves__)
c:/program files/microchip/xc8/v3.00/avr/bin/../lib/gcc/avr/5.4.0/avrxmega3/short-calls\libgcc.a(_epilogue.o)
                              C:/Program Files/Microchip/MPLABX/v6.25/packs/Microchip/ATtiny_DFP/3.2.268/xc8/avr/lib/avrxmega3/short-calls\libattiny416.a(eewr_block_xmega.o) (__epilogue_restores__)
c:/program files/microchip/xc8/v3.00/avr/bin/../lib/gcc/avr/5.4.0/../../../../avr/lib/avrxmega3/short-calls\libc.a(abort.o)
                              C:/Program Files/Microchip/MPLABX/v6.25/packs/Microchip/ATtiny_DFP/3.2.268/xc8/avr/lib/avrxmega3/short-calls\libattiny416.a(eewr_block_xmega.o) (abort)
c:/program files/microchip/xc8/v3.00/avr/bin/../lib/gcc/avr/5.4.0/../../../../avr/lib/avrxmega3/short-calls\libc.a(memcpy.o)
                              C:/Program Files/Microchip/MPLABX/v6.25/packs/Microchip/ATtiny_DFP/3.2.268/xc8/avr/lib/avrxmega3/short-calls\libattiny416.a(eerd_block.o) (memcpy)

Discarded input sections

 .data          0x0000000000000000        0x0 C:/Program Files/Microchip/MPLABX/v6.25/packs/Microchip/ATtiny_DFP/3.2.268/xc8/avr/lib/avrxmega3/short-calls/crtattiny416.o
 .bss           0x0000000000000000        0x0 C:/Program Files/Microchip/MPLABX/v6.25/packs/Microchip/ATtiny_DFP/3.2.268/xc8/avr/lib/avrxmega3/short-calls/crtattiny416.o
 .text          0x0000000000000000        0x0 build/default/debug/newmain.o
 .data          0x0000000000000000        0x0 build/default/debug/newmain.o
 .bss           0x0000000000000000        0x0 build/default/debug/newmain.o
 .text          0x0000000000000000        0x0 c:/program files/microchip/xc8/v3.00/avr/bin/../lib/gcc/avr/5.4.0/../../../../avr/lib/avrxmega3/short-calls\libc.a(exit.o)
 .data          0x0000000000000000        0x0 c:/program files/microchip/xc8/v3.00/avr/bin/../lib/gcc/avr/5.4.0/../../../../avr/lib/avrxmega3/short-calls\libc.a(exit.o)
 .bss           0x0000000000000000        0x0 c:/program files/microchip/xc8/v3.00/avr/bin/../lib/gcc/avr/5.4.0/../../../../avr/lib/avrxmega3/short-calls\libc.a(exit.o)
 .stack.descriptors
                0x0000000000000000       0x73 c:/program files/microchip/xc8/v3.00/avr/bin/../lib/gcc/avr/5.4.0/../../../../avr/lib/avrxmega3/short-calls\libc.a(exit.o)
 .text          0x0000000000000000        0x0 c:/program files/microchip/xc8/v3.00/avr/bin/../lib/gcc/avr/5.4.0/../../../../avr/lib/avrxmega3/short-calls\libc.a(strcmp.o)
 .data          0x0000000000000000        0x0 c:/program files/microchip/xc8/v3.00/avr/bin/../lib/gcc/avr/5.4.0/../../../../avr/lib/avrxmega3/short-calls\libc.a(strcmp.o)
 .bss           0x0000000000000000        0x0 c:/program files/microchip/xc8/v3.00/avr/bin/../lib/gcc/avr/5.4.0/../../../../avr/lib/avrxmega3/short-calls\libc.a(strcmp.o)
 .stack.descriptors
                0x0000000000000000       0x14 c:/program files/microchip/xc8/v3.00/avr/bin/../lib/gcc/avr/5.4.0/../../../../avr/lib/avrxmega3/short-calls\libc.a(strcmp.o)
 .text          0x0000000000000000        0x0 c:/program files/microchip/xc8/v3.00/avr/bin/../lib/gcc/avr/5.4.0/../../../../avr/lib/avrxmega3/short-calls\libc.a(_Exit.o)
 .data          0x0000000000000000        0x0 c:/program files/microchip/xc8/v3.00/avr/bin/../lib/gcc/avr/5.4.0/../../../../avr/lib/avrxmega3/short-calls\libc.a(_Exit.o)
 .bss           0x0000000000000000        0x0 c:/program files/microchip/xc8/v3.00/avr/bin/../lib/gcc/avr/5.4.0/../../../../avr/lib/avrxmega3/short-calls\libc.a(_Exit.o)
 .stack.descriptors
                0x0000000000000000       0x13 c:/program files/microchip/xc8/v3.00/avr/bin/../lib/gcc/avr/5.4.0/../../../../avr/lib/avrxmega3/short-calls\libc.a(_Exit.o)
 .text          0x0000000000000000        0x0 C:/Program Files/Microchip/MPLABX/v6.25/packs/Microchip/ATtiny_DFP/3.2.268/xc8/avr/lib/avrxmega3/short-calls\libattiny416.a(eewr_block_xmega.o)
 .data          0x0000000000000000        0x0 C:/Program Files/Microchip/MPLABX/v6.25/packs/Microchip/ATtiny_DFP/3.2.268/xc8/avr/lib/avrxmega3/short-calls\libattiny416.a(eewr_block_xmega.o)
 .bss           0x0000000000000000        0x0 C:/Program Files/Microchip/MPLABX/v6.25/packs/Microchip/ATtiny_DFP/3.2.268/xc8/avr/lib/avrxmega3/short-calls\libattiny416.a(eewr_block_xmega.o)
 .stack.descriptors
                0x0000000000000000       0x20 C:/Program Files/Microchip/MPLABX/v6.25/packs/Microchip/ATtiny_DFP/3.2.268/xc8/avr/lib/avrxmega3/short-calls\libattiny416.a(eewr_block_xmega.o)
 .text          0x0000000000000000        0x0 C:/Program Files/Microchip/MPLABX/v6.25/packs/Microchip/ATtiny_DFP/3.2.268/xc8/avr/lib/avrxmega3/short-calls\libattiny416.a(eerd_block.o)
 .data          0x0000000000000000        0x0 C:/Program Files/Microchip/MPLABX/v6.25/packs/Microchip/ATtiny_DFP/3.2.268/xc8/avr/lib/avrxmega3/short-calls\libattiny416.a(eerd_block.o)
 .bss           0x0000000000000000        0x0 C:/Program Files/Microchip/MPLABX/v6.25/packs/Microchip/ATtiny_DFP/3.2.268/xc8/avr/lib/avrxmega3/short-calls\libattiny416.a(eerd_block.o)
 .stack.descriptors
                0x0000000000000000       0x3e C:/Program Files/Microchip/MPLABX/v6.25/packs/Microchip/ATtiny_DFP/3.2.268/xc8/avr/lib/avrxmega3/short-calls\libattiny416.a(eerd_block.o)
 .text          0x0000000000000000        0x0 C:/Program Files/Microchip/MPLABX/v6.25/packs/Microchip/ATtiny_DFP/3.2.268/xc8/avr/lib/avrxmega3/short-calls\libattiny416.a(eerd_byte.o)
 .data          0x0000000000000000        0x0 C:/Program Files/Microchip/MPLABX/v6.25/packs/Microchip/ATtiny_DFP/3.2.268/xc8/avr/lib/avrxmega3/short-calls\libattiny416.a(eerd_byte.o)
 .bss           0x0000000000000000        0x0 C:/Program Files/Microchip/MPLABX/v6.25/packs/Microchip/ATtiny_DFP/3.2.268/xc8/avr/lib/avrxmega3/short-calls\libattiny416.a(eerd_byte.o)
 .stack.descriptors
                0x0000000000000000       0x38 C:/Program Files/Microchip/MPLABX/v6.25/packs/Microchip/ATtiny_DFP/3.2.268/xc8/avr/lib/avrxmega3/short-calls\libattiny416.a(eerd_byte.o)
 .text          0x0000000000000000        0x0 C:/Program Files/Microchip/MPLABX/v6.25/packs/Microchip/ATtiny_DFP/3.2.268/xc8/avr/lib/avrxmega3/short-calls\libattiny416.a(eewr_byte.o)
 .data          0x0000000000000000        0x0 C:/Program Files/Microchip/MPLABX/v6.25/packs/Microchip/ATtiny_DFP/3.2.268/xc8/avr/lib/avrxmega3/short-calls\libattiny416.a(eewr_byte.o)
 .bss           0x0000000000000000        0x0 C:/Program Files/Microchip/MPLABX/v6.25/packs/Microchip/ATtiny_DFP/3.2.268/xc8/avr/lib/avrxmega3/short-calls\libattiny416.a(eewr_byte.o)
 .stack.descriptors
                0x0000000000000000       0x3d C:/Program Files/Microchip/MPLABX/v6.25/packs/Microchip/ATtiny_DFP/3.2.268/xc8/avr/lib/avrxmega3/short-calls\libattiny416.a(eewr_byte.o)
 .text          0x0000000000000000        0x0 c:/program files/microchip/xc8/v3.00/avr/bin/../lib/gcc/avr/5.4.0/avrxmega3/short-calls\libgcc.a(_exit.o)
 .data          0x0000000000000000        0x0 c:/program files/microchip/xc8/v3.00/avr/bin/../lib/gcc/avr/5.4.0/avrxmega3/short-calls\libgcc.a(_exit.o)
 .bss           0x0000000000000000        0x0 c:/program files/microchip/xc8/v3.00/avr/bin/../lib/gcc/avr/5.4.0/avrxmega3/short-calls\libgcc.a(_exit.o)
 .text.libgcc.mul
                0x0000000000000000        0x0 c:/program files/microchip/xc8/v3.00/avr/bin/../lib/gcc/avr/5.4.0/avrxmega3/short-calls\libgcc.a(_exit.o)
 .text.libgcc.div
                0x0000000000000000        0x0 c:/program files/microchip/xc8/v3.00/avr/bin/../lib/gcc/avr/5.4.0/avrxmega3/short-calls\libgcc.a(_exit.o)
 .text.libgcc   0x0000000000000000        0x0 c:/program files/microchip/xc8/v3.00/avr/bin/../lib/gcc/avr/5.4.0/avrxmega3/short-calls\libgcc.a(_exit.o)
 .text.libgcc.prologue
                0x0000000000000000        0x0 c:/program files/microchip/xc8/v3.00/avr/bin/../lib/gcc/avr/5.4.0/avrxmega3/short-calls\libgcc.a(_exit.o)
 .stack.descriptors
                0x0000000000000000       0x13 c:/program files/microchip/xc8/v3.00/avr/bin/../lib/gcc/avr/5.4.0/avrxmega3/short-calls\libgcc.a(_exit.o)
 .text.libgcc.builtins
                0x0000000000000000        0x0 c:/program files/microchip/xc8/v3.00/avr/bin/../lib/gcc/avr/5.4.0/avrxmega3/short-calls\libgcc.a(_exit.o)
 .text.libgcc.fmul
                0x0000000000000000        0x0 c:/program files/microchip/xc8/v3.00/avr/bin/../lib/gcc/avr/5.4.0/avrxmega3/short-calls\libgcc.a(_exit.o)
 .text.libgcc.fixed
                0x0000000000000000        0x0 c:/program files/microchip/xc8/v3.00/avr/bin/../lib/gcc/avr/5.4.0/avrxmega3/short-calls\libgcc.a(_exit.o)
 .text          0x0000000000000000        0x0 c:/program files/microchip/xc8/v3.00/avr/bin/../lib/gcc/avr/5.4.0/avrxmega3/short-calls\libgcc.a(_prologue.o)
 .data          0x0000000000000000        0x0 c:/program files/microchip/xc8/v3.00/avr/bin/../lib/gcc/avr/5.4.0/avrxmega3/short-calls\libgcc.a(_prologue.o)
 .bss           0x0000000000000000        0x0 c:/program files/microchip/xc8/v3.00/avr/bin/../lib/gcc/avr/5.4.0/avrxmega3/short-calls\libgcc.a(_prologue.o)
 .text.libgcc.mul
                0x0000000000000000        0x0 c:/program files/microchip/xc8/v3.00/avr/bin/../lib/gcc/avr/5.4.0/avrxmega3/short-calls\libgcc.a(_prologue.o)
 .text.libgcc.div
                0x0000000000000000        0x0 c:/program files/microchip/xc8/v3.00/avr/bin/../lib/gcc/avr/5.4.0/avrxmega3/short-calls\libgcc.a(_prologue.o)
 .text.libgcc   0x0000000000000000        0x0 c:/program files/microchip/xc8/v3.00/avr/bin/../lib/gcc/avr/5.4.0/avrxmega3/short-calls\libgcc.a(_prologue.o)
 .text.libgcc.builtins
                0x0000000000000000        0x0 c:/program files/microchip/xc8/v3.00/avr/bin/../lib/gcc/avr/5.4.0/avrxmega3/short-calls\libgcc.a(_prologue.o)
 .text.libgcc.fmul
                0x0000000000000000        0x0 c:/program files/microchip/xc8/v3.00/avr/bin/../lib/gcc/avr/5.4.0/avrxmega3/short-calls\libgcc.a(_prologue.o)
 .text.libgcc.fixed
                0x0000000000000000        0x0 c:/program files/microchip/xc8/v3.00/avr/bin/../lib/gcc/avr/5.4.0/avrxmega3/short-calls\libgcc.a(_prologue.o)
 .text          0x0000000000000000        0x0 c:/program files/microchip/xc8/v3.00/avr/bin/../lib/gcc/avr/5.4.0/avrxmega3/short-calls\libgcc.a(_epilogue.o)
 .data          0x0000000000000000        0x0 c:/program files/microchip/xc8/v3.00/avr/bin/../lib/gcc/avr/5.4.0/avrxmega3/short-calls\libgcc.a(_epilogue.o)
 .bss           0x0000000000000000        0x0 c:/program files/microchip/xc8/v3.00/avr/bin/../lib/gcc/avr/5.4.0/avrxmega3/short-calls\libgcc.a(_epilogue.o)
 .text.libgcc.mul
                0x0000000000000000        0x0 c:/program files/microchip/xc8/v3.00/avr/bin/../lib/gcc/avr/5.4.0/avrxmega3/short-calls\libgcc.a(_epilogue.o)
 .text.libgcc.div
                0x0000000000000000        0x0 c:/program files/microchip/xc8/v3.00/avr/bin/../lib/gcc/avr/5.4.0/avrxmega3/short-calls\libgcc.a(_epilogue.o)
 .text.libgcc   0x0000000000000000        0x0 c:/program files/microchip/xc8/v3.00/avr/bin/../lib/gcc/avr/5.4.0/avrxmega3/short-calls\libgcc.a(_epilogue.o)
 .text.libgcc.builtins
                0x0000000000000000        0x0 c:/program files/microchip/xc8/v3.00/avr/bin/../lib/gcc/avr/5.4.0/avrxmega3/short-calls\libgcc.a(_epilogue.o)
 .text.libgcc.fmul
                0x0000000000000000        0x0 c:/program files/microchip/xc8/v3.00/avr/bin/../lib/gcc/avr/5.4.0/avrxmega3/short-calls\libgcc.a(_epilogue.o)
 .text.libgcc.fixed
                0x0000000000000000        0x0 c:/program files/microchip/xc8/v3.00/avr/bin/../lib/gcc/avr/5.4.0/avrxmega3/short-calls\libgcc.a(_epilogue.o)
 .text          0x0000000000000000        0x0 c:/program files/microchip/xc8/v3.00/avr/bin/../lib/gcc/avr/5.4.0/../../../../avr/lib/avrxmega3/short-calls\libc.a(abort.o)
 .data          0x0000000000000000        0x0 c:/program files/microchip/xc8/v3.00/avr/bin/../lib/gcc/avr/5.4.0/../../../../avr/lib/avrxmega3/short-calls\libc.a(abort.o)
 .bss           0x0000000000000000        0x0 c:/program files/microchip/xc8/v3.00/avr/bin/../lib/gcc/avr/5.4.0/../../../../avr/lib/avrxmega3/short-calls\libc.a(abort.o)
 .stack.descriptors
                0x0000000000000000       0x13 c:/program files/microchip/xc8/v3.00/avr/bin/../lib/gcc/avr/5.4.0/../../../../avr/lib/avrxmega3/short-calls\libc.a(abort.o)
 .text          0x0000000000000000        0x0 c:/program files/microchip/xc8/v3.00/avr/bin/../lib/gcc/avr/5.4.0/../../../../avr/lib/avrxmega3/short-calls\libc.a(memcpy.o)
 .data          0x0000000000000000        0x0 c:/program files/microchip/xc8/v3.00/avr/bin/../lib/gcc/avr/5.4.0/../../../../avr/lib/avrxmega3/short-calls\libc.a(memcpy.o)
 .bss           0x0000000000000000        0x0 c:/program files/microchip/xc8/v3.00/avr/bin/../lib/gcc/avr/5.4.0/../../../../avr/lib/avrxmega3/short-calls\libc.a(memcpy.o)
 .stack.descriptors
                0x0000000000000000       0x14 c:/program files/microchip/xc8/v3.00/avr/bin/../lib/gcc/avr/5.4.0/../../../../avr/lib/avrxmega3/short-calls\libc.a(memcpy.o)

Memory Configuration

Name             Origin             Length             Attributes
text             0x0000000000000000 0x0000000000001000 xr
data             0x0000000000803f00 0x0000000000000100 rw !x
eeprom           0x0000000000810000 0x0000000000000080 rw !x
fuse             0x0000000000820000 0x000000000000000a rw !x
lock             0x0000000000830000 0x0000000000000400 rw !x
signature        0x0000000000840000 0x0000000000000400 rw !x
user_signatures  0x0000000000850000 0x0000000000000400 rw !x
bootrow          0x0000000000860000 0x0000000000000400 rw !x
*default*        0x0000000000000000 0xffffffffffffffff

Linker script and memory map

Address of section .data set to 0x803f00
                0x0000000000008000                __RODATA_PM_OFFSET__ = 0x8000
LOAD C:/Program Files/Microchip/MPLABX/v6.25/packs/Microchip/ATtiny_DFP/3.2.268/xc8/avr/lib/avrxmega3/short-calls/crtattiny416.o
                0x0000000000000001                __MPLAB_BUILD = 0x1
LOAD build/default/debug/newmain.o
START GROUP
LOAD c:/program files/microchip/xc8/v3.00/avr/bin/../lib/gcc/avr/5.4.0/../../../../avr/lib/avrxmega3/short-calls\libm.a
END GROUP
                0x0000000000000001                __MPLAB_DEBUG = 0x1
                0x0000000000000001                __DEBUG = 0x1
START GROUP
LOAD c:/program files/microchip/xc8/v3.00/avr/bin/../lib/gcc/avr/5.4.0/avrxmega3/short-calls\libgcc.a
LOAD c:/program files/microchip/xc8/v3.00/avr/bin/../lib/gcc/avr/5.4.0/../../../../avr/lib/avrxmega3/short-calls\libm.a
LOAD c:/program files/microchip/xc8/v3.00/avr/bin/../lib/gcc/avr/5.4.0/../../../../avr/lib/avrxmega3/short-calls\libc.a
LOAD C:/Program Files/Microchip/MPLABX/v6.25/packs/Microchip/ATtiny_DFP/3.2.268/xc8/avr/lib/avrxmega3/short-calls\libattiny416.a
END GROUP
                [0x0000000000000000]                __TEXT_REGION_ORIGIN__ = DEFINED (__TEXT_REGION_ORIGIN__)?__TEXT_REGION_ORIGIN__:0x0
                [0x0000000000803f00]                __DATA_REGION_ORIGIN__ = DEFINED (__DATA_REGION_ORIGIN__)?__DATA_REGION_ORIGIN__:0x802000
                [0x0000000000001000]                __TEXT_REGION_LENGTH__ = DEFINED (__TEXT_REGION_LENGTH__)?__TEXT_REGION_LENGTH__:0x100000
                [0x0000000000000100]                __DATA_REGION_LENGTH__ = DEFINED (__DATA_REGION_LENGTH__)?__DATA_REGION_LENGTH__:0xffa0
                [0x0000000000000080]                __EEPROM_REGION_LENGTH__ = DEFINED (__EEPROM_REGION_LENGTH__)?__EEPROM_REGION_LENGTH__:0x10000
                [0x000000000000000a]                __FUSE_REGION_LENGTH__ = DEFINED (__FUSE_REGION_LENGTH__)?__FUSE_REGION_LENGTH__:0x400
                0x0000000000000400                __LOCK_REGION_LENGTH__ = DEFINED (__LOCK_REGION_LENGTH__)?__LOCK_REGION_LENGTH__:0x400
                0x0000000000000400                __SIGNATURE_REGION_LENGTH__ = DEFINED (__SIGNATURE_REGION_LENGTH__)?__SIGNATURE_REGION_LENGTH__:0x400
                0x0000000000000400                __USER_SIGNATURE_REGION_LENGTH__ = DEFINED (__USER_SIGNATURE_REGION_LENGTH__)?__USER_SIGNATURE_REGION_LENGTH__:0x400
                0x0000000000008000                __RODATA_PM_OFFSET__ = DEFINED (__RODATA_PM_OFFSET__)?__RODATA_PM_OFFSET__:0x8000
                0x0000000000000400                __BOOTROW_REGION_LENGTH__ = DEFINED (__BOOTROW_REGION_LENGTH__)?__BOOTROW_REGION_LENGTH__:0x400

.hash
 *(.hash)

.dynsym
 *(.dynsym)

.dynstr
 *(.dynstr)

.gnu.version
 *(.gnu.version)

.gnu.version_d
 *(.gnu.version_d)

.gnu.version_r
 *(.gnu.version_r)

.rel.init
 *(.rel.init)

.rela.init
 *(.rela.init)

.rel.text
 *(.rel.text)
 *(.rel.text.*)
 *(.rel.gnu.linkonce.t*)

.rela.text
 *(.rela.text)
 *(.rela.text.*)
 *(.rela.gnu.linkonce.t*)

.rel.fini
 *(.rel.fini)

.rela.fini
 *(.rela.fini)

.rel.rodata
 *(.rel.rodata)
 *(.rel.rodata.*)
 *(.rel.gnu.linkonce.r*)

.rela.rodata
 *(.rela.rodata)
 *(.rela.rodata.*)
 *(.rela.gnu.linkonce.r*)

.rel.data
 *(.rel.data)
 *(.rel.data.*)
 *(.rel.gnu.linkonce.d*)

.rela.data
 *(.rela.data)
 *(.rela.data.*)
 *(.rela.gnu.linkonce.d*)

.rel.ctors
 *(.rel.ctors)

.rela.ctors
 *(.rela.ctors)

.rel.dtors
 *(.rel.dtors)

.rela.dtors
 *(.rela.dtors)

.rel.got
 *(.rel.got)

.rela.got
 *(.rela.got)

.rel.bss
 *(.rel.bss)

.rela.bss
 *(.rela.bss)

.rel.plt
 *(.rel.plt)

.rela.plt
 *(.rela.plt)

.text           0x0000000000000000       0x48
 *(.vectors)
 .vectors       0x0000000000000000       0x34 C:/Program Files/Microchip/MPLABX/v6.25/packs/Microchip/ATtiny_DFP/3.2.268/xc8/avr/lib/avrxmega3/short-calls/crtattiny416.o
                0x0000000000000000                __vector_default
                0x0000000000000000                __vectors
 *(.vectors)
 *(.progmem.gcc*)
 *(.dinit)
 .dinit         0x0000000000000034        0x0 data_init
                0x0000000000000034                . = ALIGN (0x2)
                0x0000000000000034                __trampolines_start = .
 *(.trampolines)
 .trampolines   0x0000000000000034        0x0 linker stubs
 *(.trampolines*)
                0x0000000000000034                __trampolines_end = .
 *libprintf_flt.a:*(.progmem.data)
 *libc.a:*(.progmem.data)
                0x0000000000000034                . = ALIGN (0x2)
 *(.jumptables)
 *(.jumptables*)
 *(.lowtext)
 *(.lowtext*)
                0x0000000000000034                __ctors_start = .
 *(.ctors)
                0x0000000000000034                __ctors_end = .
                0x0000000000000034                __dtors_start = .
 *(.dtors)
                0x0000000000000034                __dtors_end = .
 SORT(*)(.ctors)
 SORT(*)(.dtors)
 *(.init0)
 .init0         0x0000000000000034        0x0 C:/Program Files/Microchip/MPLABX/v6.25/packs/Microchip/ATtiny_DFP/3.2.268/xc8/avr/lib/avrxmega3/short-calls/crtattiny416.o
                0x0000000000000034                __init
 *(.init0)
 *(.init1)
 *(.init1)
 *(.init2)
 .init2         0x0000000000000034        0xc C:/Program Files/Microchip/MPLABX/v6.25/packs/Microchip/ATtiny_DFP/3.2.268/xc8/avr/lib/avrxmega3/short-calls/crtattiny416.o
 *(.init2)
 *(.init3)
 *(.init3)
 *(.init4)
 *(.init4)
 *(.init5)
 *(.init5)
 *(.init6)
 *(.init6)
 *(.init7)
 *(.init7)
 *(.init8)
 *(.init8)
 *(.init9)
 .init9         0x0000000000000040        0x4 C:/Program Files/Microchip/MPLABX/v6.25/packs/Microchip/ATtiny_DFP/3.2.268/xc8/avr/lib/avrxmega3/short-calls/crtattiny416.o
 *(.init9)
                0x0000000000000044                . = ALIGN (0x2)
 *(.fini9)
 .fini9         0x0000000000000044        0x0 c:/program files/microchip/xc8/v3.00/avr/bin/../lib/gcc/avr/5.4.0/avrxmega3/short-calls\libgcc.a(_exit.o)
                0x0000000000000044                _exit
 *(.fini9)
 *(.fini8)
 *(.fini8)
 *(.fini7)
 *(.fini7)
 *(.fini6)
 *(.fini6)
 *(.fini5)
 *(.fini5)
 *(.fini4)
 *(.fini4)
 *(.fini3)
 *(.fini3)
 *(.fini2)
 *(.fini2)
 *(.fini1)
 *(.fini1)
 *(.fini0)
 .fini0         0x0000000000000044        0x4 c:/program files/microchip/xc8/v3.00/avr/bin/../lib/gcc/avr/5.4.0/avrxmega3/short-calls\libgcc.a(_exit.o)
 *(.fini0)
                0x0000000000000048                _etext = .

.data           0x0000000000803f00        0x0 load address 0x0000000000000048
                [!provide]                        PROVIDE (__data_start, .)
 *(.gnu.linkonce.d*)
                0x0000000000803f00                . = ALIGN (0x2)
                0x0000000000803f00                _edata = .
                [!provide]                        PROVIDE (__data_end, .)

.bss            0x0000000000803f00        0x0
                [!provide]                        PROVIDE (__bss_start, .)
 *(COMMON)
                [!provide]                        PROVIDE (__bss_end, .)
                0x0000000000000048                __data_load_start = LOADADDR (.data)
                0x0000000000000048                __data_load_end = (__data_load_start + SIZEOF (.data))

.noinit         0x0000000000803f00        0x0
                [!provide]                        PROVIDE (__noinit_start, .)
 *(.noinit*)
                [!provide]                        PROVIDE (__noinit_end, .)
                0x0000000000803f00                _end = .

.eeprom         0x0000000000810000        0x0
 *(.eeprom*)
                0x0000000000810000                __eeprom_end = .

.fuse
 *(.fuse)
 *(.lfuse)
 *(.hfuse)
 *(.efuse)

.lock
 *(.lock*)

.signature
 *(.signature*)

.user_signatures
 *(.user_signatures*)

.bootrow
 *(.bootrow*)

.stab
 *(.stab)

.stabstr
 *(.stabstr)

.stab.excl
 *(.stab.excl)

.stab.exclstr
 *(.stab.exclstr)

.stab.index
 *(.stab.index)

.stab.indexstr
 *(.stab.indexstr)

.comment        0x0000000000000000       0x8a
 *(.comment)
 .comment       0x0000000000000000       0x2f build/default/debug/newmain.o
                                         0x30 (size before relaxing)
 .comment       0x000000000000002f       0x2c c:/program files/microchip/xc8/v3.00/avr/bin/../lib/gcc/avr/5.4.0/../../../../avr/lib/avrxmega3/short-calls\libc.a(exit.o)
                                         0x2d (size before relaxing)
 .comment       0x000000000000005b       0x2d c:/program files/microchip/xc8/v3.00/avr/bin/../lib/gcc/avr/5.4.0/../../../../avr/lib/avrxmega3/short-calls\libc.a(strcmp.o)
 .comment       0x000000000000005b       0x2d c:/program files/microchip/xc8/v3.00/avr/bin/../lib/gcc/avr/5.4.0/../../../../avr/lib/avrxmega3/short-calls\libc.a(_Exit.o)
 .comment       0x000000000000005b       0x2f C:/Program Files/Microchip/MPLABX/v6.25/packs/Microchip/ATtiny_DFP/3.2.268/xc8/avr/lib/avrxmega3/short-calls\libattiny416.a(eewr_block_xmega.o)
                                         0x30 (size before relaxing)
 .comment       0x000000000000008a       0x2d c:/program files/microchip/xc8/v3.00/avr/bin/../lib/gcc/avr/5.4.0/../../../../avr/lib/avrxmega3/short-calls\libc.a(abort.o)
 .comment       0x000000000000008a       0x2d c:/program files/microchip/xc8/v3.00/avr/bin/../lib/gcc/avr/5.4.0/../../../../avr/lib/avrxmega3/short-calls\libc.a(memcpy.o)

.stack.descriptors.hdr
                0x0000000000000000       0x8c
 .stack.descriptors.hdr
                0x0000000000000000        0xe c:/program files/microchip/xc8/v3.00/avr/bin/../lib/gcc/avr/5.4.0/../../../../avr/lib/avrxmega3/short-calls\libc.a(exit.o)
 .stack.descriptors.hdr
                0x000000000000000e        0xe c:/program files/microchip/xc8/v3.00/avr/bin/../lib/gcc/avr/5.4.0/../../../../avr/lib/avrxmega3/short-calls\libc.a(strcmp.o)
 .stack.descriptors.hdr
                0x000000000000001c        0xe c:/program files/microchip/xc8/v3.00/avr/bin/../lib/gcc/avr/5.4.0/../../../../avr/lib/avrxmega3/short-calls\libc.a(_Exit.o)
 .stack.descriptors.hdr
                0x000000000000002a        0xe C:/Program Files/Microchip/MPLABX/v6.25/packs/Microchip/ATtiny_DFP/3.2.268/xc8/avr/lib/avrxmega3/short-calls\libattiny416.a(eewr_block_xmega.o)
 .stack.descriptors.hdr
                0x0000000000000038        0xe C:/Program Files/Microchip/MPLABX/v6.25/packs/Microchip/ATtiny_DFP/3.2.268/xc8/avr/lib/avrxmega3/short-calls\libattiny416.a(eerd_block.o)
 .stack.descriptors.hdr
                0x0000000000000046        0xe C:/Program Files/Microchip/MPLABX/v6.25/packs/Microchip/ATtiny_DFP/3.2.268/xc8/avr/lib/avrxmega3/short-calls\libattiny416.a(eerd_byte.o)
 .stack.descriptors.hdr
                0x0000000000000054        0xe C:/Program Files/Microchip/MPLABX/v6.25/packs/Microchip/ATtiny_DFP/3.2.268/xc8/avr/lib/avrxmega3/short-calls\libattiny416.a(eewr_byte.o)
 .stack.descriptors.hdr
                0x0000000000000062        0xe c:/program files/microchip/xc8/v3.00/avr/bin/../lib/gcc/avr/5.4.0/avrxmega3/short-calls\libgcc.a(_exit.o)
 .stack.descriptors.hdr
                0x0000000000000070        0xe c:/program files/microchip/xc8/v3.00/avr/bin/../lib/gcc/avr/5.4.0/../../../../avr/lib/avrxmega3/short-calls\libc.a(abort.o)
 .stack.descriptors.hdr
                0x000000000000007e        0xe c:/program files/microchip/xc8/v3.00/avr/bin/../lib/gcc/avr/5.4.0/../../../../avr/lib/avrxmega3/short-calls\libc.a(memcpy.o)

.note.GNU-stack
                0x0000000000000000        0x0
 .note.GNU-stack
                0x0000000000000000        0x0 c:/program files/microchip/xc8/v3.00/avr/bin/../lib/gcc/avr/5.4.0/../../../../avr/lib/avrxmega3/short-calls\libc.a(exit.o)
 .note.GNU-stack
                0x0000000000000000        0x0 c:/program files/microchip/xc8/v3.00/avr/bin/../lib/gcc/avr/5.4.0/../../../../avr/lib/avrxmega3/short-calls\libc.a(strcmp.o)
 .note.GNU-stack
                0x0000000000000000        0x0 c:/program files/microchip/xc8/v3.00/avr/bin/../lib/gcc/avr/5.4.0/../../../../avr/lib/avrxmega3/short-calls\libc.a(_Exit.o)
 .note.GNU-stack
                0x0000000000000000        0x0 c:/program files/microchip/xc8/v3.00/avr/bin/../lib/gcc/avr/5.4.0/../../../../avr/lib/avrxmega3/short-calls\libc.a(abort.o)
 .note.GNU-stack
                0x0000000000000000        0x0 c:/program files/microchip/xc8/v3.00/avr/bin/../lib/gcc/avr/5.4.0/../../../../avr/lib/avrxmega3/short-calls\libc.a(memcpy.o)

.note.gnu.build-id
 *(.note.gnu.build-id)

.debug
 *(.debug)

.line
 *(.line)

.debug_srcinfo
 *(.debug_srcinfo)

.debug_sfnames
 *(.debug_sfnames)

.debug_aranges  0x0000000000000000      0x158
 *(.debug_aranges)
 .debug_aranges
                0x0000000000000000       0xd8 build/default/debug/newmain.o
 .debug_aranges
                0x00000000000000d8       0x20 C:/Program Files/Microchip/MPLABX/v6.25/packs/Microchip/ATtiny_DFP/3.2.268/xc8/avr/lib/avrxmega3/short-calls\libattiny416.a(eewr_block_xmega.o)
 .debug_aranges
                0x00000000000000f8       0x20 C:/Program Files/Microchip/MPLABX/v6.25/packs/Microchip/ATtiny_DFP/3.2.268/xc8/avr/lib/avrxmega3/short-calls\libattiny416.a(eerd_block.o)
 .debug_aranges
                0x0000000000000118       0x20 C:/Program Files/Microchip/MPLABX/v6.25/packs/Microchip/ATtiny_DFP/3.2.268/xc8/avr/lib/avrxmega3/short-calls\libattiny416.a(eerd_byte.o)
 .debug_aranges
                0x0000000000000138       0x20 C:/Program Files/Microchip/MPLABX/v6.25/packs/Microchip/ATtiny_DFP/3.2.268/xc8/avr/lib/avrxmega3/short-calls\libattiny416.a(eewr_byte.o)

.debug_pubnames
 *(.debug_pubnames)

.debug_info     0x0000000000000000     0x3d33
 *(.debug_info .gnu.linkonce.wi.*)
 .debug_info    0x0000000000000000     0x19c7 C:/Program Files/Microchip/MPLABX/v6.25/packs/Microchip/ATtiny_DFP/3.2.268/xc8/avr/lib/avrxmega3/short-calls/crtattiny416.o
 .debug_info    0x00000000000019c7     0x1b09 build/default/debug/newmain.o
 .debug_info    0x00000000000034d0      0x631 C:/Program Files/Microchip/MPLABX/v6.25/packs/Microchip/ATtiny_DFP/3.2.268/xc8/avr/lib/avrxmega3/short-calls\libattiny416.a(eewr_block_xmega.o)
 .debug_info    0x0000000000003b01       0xbc C:/Program Files/Microchip/MPLABX/v6.25/packs/Microchip/ATtiny_DFP/3.2.268/xc8/avr/lib/avrxmega3/short-calls\libattiny416.a(eerd_block.o)
 .debug_info    0x0000000000003bbd       0xbb C:/Program Files/Microchip/MPLABX/v6.25/packs/Microchip/ATtiny_DFP/3.2.268/xc8/avr/lib/avrxmega3/short-calls\libattiny416.a(eerd_byte.o)
 .debug_info    0x0000000000003c78       0xbb C:/Program Files/Microchip/MPLABX/v6.25/packs/Microchip/ATtiny_DFP/3.2.268/xc8/avr/lib/avrxmega3/short-calls\libattiny416.a(eewr_byte.o)

.debug_abbrev   0x0000000000000000     0x1d49
 *(.debug_abbrev)
 .debug_abbrev  0x0000000000000000     0x1864 C:/Program Files/Microchip/MPLABX/v6.25/packs/Microchip/ATtiny_DFP/3.2.268/xc8/avr/lib/avrxmega3/short-calls/crtattiny416.o
 .debug_abbrev  0x0000000000001864      0x306 build/default/debug/newmain.o
 .debug_abbrev  0x0000000000001b6a      0x1a3 C:/Program Files/Microchip/MPLABX/v6.25/packs/Microchip/ATtiny_DFP/3.2.268/xc8/avr/lib/avrxmega3/short-calls\libattiny416.a(eewr_block_xmega.o)
 .debug_abbrev  0x0000000000001d0d       0x14 C:/Program Files/Microchip/MPLABX/v6.25/packs/Microchip/ATtiny_DFP/3.2.268/xc8/avr/lib/avrxmega3/short-calls\libattiny416.a(eerd_block.o)
 .debug_abbrev  0x0000000000001d21       0x14 C:/Program Files/Microchip/MPLABX/v6.25/packs/Microchip/ATtiny_DFP/3.2.268/xc8/avr/lib/avrxmega3/short-calls\libattiny416.a(eerd_byte.o)
 .debug_abbrev  0x0000000000001d35       0x14 C:/Program Files/Microchip/MPLABX/v6.25/packs/Microchip/ATtiny_DFP/3.2.268/xc8/avr/lib/avrxmega3/short-calls\libattiny416.a(eewr_byte.o)

.debug_line     0x0000000000000000      0xd66
 *(.debug_line .debug_line.* .debug_line_end)
 .debug_line    0x0000000000000000      0x136 C:/Program Files/Microchip/MPLABX/v6.25/packs/Microchip/ATtiny_DFP/3.2.268/xc8/avr/lib/avrxmega3/short-calls/crtattiny416.o
 .debug_line    0x0000000000000136      0x914 build/default/debug/newmain.o
 .debug_line    0x0000000000000a4a      0x17c C:/Program Files/Microchip/MPLABX/v6.25/packs/Microchip/ATtiny_DFP/3.2.268/xc8/avr/lib/avrxmega3/short-calls\libattiny416.a(eewr_block_xmega.o)
 .debug_line    0x0000000000000bc6       0x60 C:/Program Files/Microchip/MPLABX/v6.25/packs/Microchip/ATtiny_DFP/3.2.268/xc8/avr/lib/avrxmega3/short-calls\libattiny416.a(eerd_block.o)
 .debug_line    0x0000000000000c26       0x7c C:/Program Files/Microchip/MPLABX/v6.25/packs/Microchip/ATtiny_DFP/3.2.268/xc8/avr/lib/avrxmega3/short-calls\libattiny416.a(eerd_byte.o)
 .debug_line    0x0000000000000ca2       0xc4 C:/Program Files/Microchip/MPLABX/v6.25/packs/Microchip/ATtiny_DFP/3.2.268/xc8/avr/lib/avrxmega3/short-calls\libattiny416.a(eewr_byte.o)

.debug_frame    0x0000000000000000      0x310
 *(.debug_frame)
 .debug_frame   0x0000000000000000      0x2d8 build/default/debug/newmain.o
 .debug_frame   0x00000000000002d8       0x38 C:/Program Files/Microchip/MPLABX/v6.25/packs/Microchip/ATtiny_DFP/3.2.268/xc8/avr/lib/avrxmega3/short-calls\libattiny416.a(eewr_block_xmega.o)

.debug_str      0x0000000000000000      0xb4a
 *(.debug_str)
 .debug_str     0x0000000000000000      0xab9 C:/Program Files/Microchip/MPLABX/v6.25/packs/Microchip/ATtiny_DFP/3.2.268/xc8/avr/lib/avrxmega3/short-calls/crtattiny416.o
 .debug_str     0x0000000000000ab9       0x85 build/default/debug/newmain.o
 .debug_str     0x0000000000000b3e        0xc C:/Program Files/Microchip/MPLABX/v6.25/packs/Microchip/ATtiny_DFP/3.2.268/xc8/avr/lib/avrxmega3/short-calls\libattiny416.a(eewr_block_xmega.o)

.debug_loc      0x0000000000000000      0xbc4
 *(.debug_loc)
 .debug_loc     0x0000000000000000      0xa4e build/default/debug/newmain.o
 .debug_loc     0x0000000000000a4e      0x176 C:/Program Files/Microchip/MPLABX/v6.25/packs/Microchip/ATtiny_DFP/3.2.268/xc8/avr/lib/avrxmega3/short-calls\libattiny416.a(eewr_block_xmega.o)

.debug_macinfo
 *(.debug_macinfo)

.debug_weaknames
 *(.debug_weaknames)

.debug_funcnames
 *(.debug_funcnames)

.debug_typenames
 *(.debug_typenames)

.debug_varnames
 *(.debug_varnames)

.debug_pubtypes
 *(.debug_pubtypes)

.debug_ranges   0x0000000000000000      0x1a8
 *(.debug_ranges)
 .debug_ranges  0x0000000000000000      0x168 build/default/debug/newmain.o
 .debug_ranges  0x0000000000000168       0x40 C:/Program Files/Microchip/MPLABX/v6.25/packs/Microchip/ATtiny_DFP/3.2.268/xc8/avr/lib/avrxmega3/short-calls\libattiny416.a(eewr_block_xmega.o)

.debug_macro
 *(.debug_macro)
OUTPUT(dist/default/debug/CRC_sec.X.debug.elf elf32-avr)
LOAD linker stubs
LOAD data_init

.note.gnu.avr.deviceinfo
                0x0000000000000000       0x3c
 .note.gnu.avr.deviceinfo
                0x0000000000000000       0x3c C:/Program Files/Microchip/MPLABX/v6.25/packs/Microchip/ATtiny_DFP/3.2.268/xc8/avr/lib/avrxmega3/short-calls/crtattiny416.o

.rodata         0x0000000000808048      0x1fe load address 0x0000000000000048
 .rodata        0x0000000000808048      0x1fe build/default/debug/newmain.o

.text.executeCallsign
                0x0000000000000246      0x122
 .text.executeCallsign
                0x0000000000000246      0x122 build/default/debug/newmain.o
                0x0000000000000246                executeCallsign

.text.main      0x0000000000000368      0x106
 .text.main     0x0000000000000368      0x106 build/default/debug/newmain.o
                0x0000000000000368                main

.text.sendChar  0x000000000000046e       0xf4
 .text.sendChar
                0x000000000000046e       0xf4 build/default/debug/newmain.o
                0x000000000000046e                sendChar

.text.readEEPROMAndSend
                0x0000000000000562       0x80
 .text.readEEPROMAndSend
                0x0000000000000562       0x80 build/default/debug/newmain.o
                0x0000000000000562                readEEPROMAndSend

.text.avrlibc   0x00000000000005e2       0x80
 .text.avrlibc  0x00000000000005e2       0x80 C:/Program Files/Microchip/MPLABX/v6.25/packs/Microchip/ATtiny_DFP/3.2.268/xc8/avr/lib/avrxmega3/short-calls\libattiny416.a(eewr_block_xmega.o)
                0x00000000000005e2                eeprom_write_block

.text.readEEPROMAndSendLOG
                0x0000000000000662       0x6a
 .text.readEEPROMAndSendLOG
                0x0000000000000662       0x6a build/default/debug/newmain.o
                0x0000000000000662                readEEPROMAndSendLOG

.text.writeToEEPROM
                0x00000000000006cc       0x66
 .text.writeToEEPROM
                0x00000000000006cc       0x66 build/default/debug/newmain.o
                0x00000000000006cc                writeToEEPROM

.text.USART0_sendHexByte
                0x0000000000000732       0x5a
 .text.USART0_sendHexByte
                0x0000000000000732       0x5a build/default/debug/newmain.o
                0x0000000000000732                USART0_sendHexByte

.text.__vector_2
                0x000000000000078c       0x5a
 .text.__vector_2
                0x000000000000078c       0x5a build/default/debug/newmain.o
                0x000000000000078c                __vector_2

.text.USART0_init
                0x00000000000007e6       0x4a
 .text.USART0_init
                0x00000000000007e6       0x4a build/default/debug/newmain.o
                0x00000000000007e6                USART0_init

.text.USART0_sendString
                0x0000000000000830       0x42
 .text.USART0_sendString
                0x0000000000000830       0x42 build/default/debug/newmain.o
                0x0000000000000830                USART0_sendString

.text.crc8      0x0000000000000872       0x42
 .text.crc8     0x0000000000000872       0x42 build/default/debug/newmain.o
                0x0000000000000872                crc8

.text.initializeEEPROM
                0x00000000000008b4       0x3e
 .text.initializeEEPROM
                0x00000000000008b4       0x3e build/default/debug/newmain.o
                0x00000000000008b4                initializeEEPROM

.text.sendNumber
                0x00000000000008f2       0x3c
 .text.sendNumber
                0x00000000000008f2       0x3c build/default/debug/newmain.o
                0x00000000000008f2                sendNumber

.text.stopAllFunctions
                0x000000000000092e       0x38
 .text.stopAllFunctions
                0x000000000000092e       0x38 build/default/debug/newmain.o
                0x000000000000092e                stopAllFunctions

.text.libgcc.prologue
                0x0000000000000966       0x32
 .text.libgcc.prologue
                0x0000000000000966       0x32 c:/program files/microchip/xc8/v3.00/avr/bin/../lib/gcc/avr/5.4.0/avrxmega3/short-calls\libgcc.a(_prologue.o)
                0x0000000000000966                __prologue_saves__

.text.libgcc.prologue
                0x0000000000000998       0x30
 .text.libgcc.prologue
                0x0000000000000998       0x30 c:/program files/microchip/xc8/v3.00/avr/bin/../lib/gcc/avr/5.4.0/avrxmega3/short-calls\libgcc.a(_epilogue.o)
                0x0000000000000998                __epilogue_restores__

.text.avrlibc   0x00000000000009c8       0x28
 .text.avrlibc  0x00000000000009c8       0x28 C:/Program Files/Microchip/MPLABX/v6.25/packs/Microchip/ATtiny_DFP/3.2.268/xc8/avr/lib/avrxmega3/short-calls\libattiny416.a(eewr_byte.o)
                0x00000000000009c8                eeprom_write_byte
                0x00000000000009ca                eeprom_write_r18

.text.logEEPROMOperation
                0x00000000000009f0       0x26
 .text.logEEPROMOperation
                0x00000000000009f0       0x26 build/default/debug/newmain.o
                0x00000000000009f0                logEEPROMOperation

.text.enterSleepMode
                0x0000000000000a16       0x1e
 .text.enterSleepMode
                0x0000000000000a16       0x1e build/default/debug/newmain.o
                0x0000000000000a16                enterSleepMode

.text.enterPowerDown
                0x0000000000000a34       0x1e
 .text.enterPowerDown
                0x0000000000000a34       0x1e build/default/debug/newmain.o
                0x0000000000000a34                enterPowerDown

.text.strcmp    0x0000000000000a52       0x1c
 .text.strcmp   0x0000000000000a52       0x1c c:/program files/microchip/xc8/v3.00/avr/bin/../lib/gcc/avr/5.4.0/../../../../avr/lib/avrxmega3/short-calls\libc.a(strcmp.o)
                0x0000000000000a52                strcmp

.text.BOD_init  0x0000000000000a6e       0x16
 .text.BOD_init
                0x0000000000000a6e       0x16 build/default/debug/newmain.o
                0x0000000000000a6e                BOD_init

.text.memcpy    0x0000000000000a84       0x16
 .text.memcpy   0x0000000000000a84       0x16 c:/program files/microchip/xc8/v3.00/avr/bin/../lib/gcc/avr/5.4.0/../../../../avr/lib/avrxmega3/short-calls\libc.a(memcpy.o)
                0x0000000000000a84                memcpy

.text.WDT_init  0x0000000000000a9a       0x14
 .text.WDT_init
                0x0000000000000a9a       0x14 build/default/debug/newmain.o
                0x0000000000000a9a                WDT_init

.text.getContinueSendingState
                0x0000000000000aae       0x12
 .text.getContinueSendingState
                0x0000000000000aae       0x12 build/default/debug/newmain.o
                0x0000000000000aae                getContinueSendingState

.text.USART0_sendChar
                0x0000000000000ac0       0x10
 .text.USART0_sendChar
                0x0000000000000ac0       0x10 build/default/debug/newmain.o
                0x0000000000000ac0                USART0_sendChar

.text.USART0_readCharLow
                0x0000000000000ad0       0x10
 .text.USART0_readCharLow
                0x0000000000000ad0       0x10 build/default/debug/newmain.o
                0x0000000000000ad0                USART0_readCharLow

.text.USART0_readCharHigh
                0x0000000000000ae0       0x10
 .text.USART0_readCharHigh
                0x0000000000000ae0       0x10 build/default/debug/newmain.o
                0x0000000000000ae0                USART0_readCharHigh

.text.avrlibc   0x0000000000000af0       0x10
 .text.avrlibc  0x0000000000000af0       0x10 C:/Program Files/Microchip/MPLABX/v6.25/packs/Microchip/ATtiny_DFP/3.2.268/xc8/avr/lib/avrxmega3/short-calls\libattiny416.a(eerd_byte.o)
                0x0000000000000af0                eeprom_read_byte
                0x0000000000000af8                eeprom_mapen

.text.exit      0x0000000000000b00        0xe
 .text.exit     0x0000000000000b00        0xe c:/program files/microchip/xc8/v3.00/avr/bin/../lib/gcc/avr/5.4.0/../../../../avr/lib/avrxmega3/short-calls\libc.a(exit.o)
                0x0000000000000b00                exit

.text.setContinueSendingState
                0x0000000000000b0e        0xa
 .text.setContinueSendingState
                0x0000000000000b0e        0xa build/default/debug/newmain.o
                0x0000000000000b0e                setContinueSendingState

.text.avrlibc   0x0000000000000b18        0x8
 .text.avrlibc  0x0000000000000b18        0x8 C:/Program Files/Microchip/MPLABX/v6.25/packs/Microchip/ATtiny_DFP/3.2.268/xc8/avr/lib/avrxmega3/short-calls\libattiny416.a(eerd_block.o)
                0x0000000000000b18                eeprom_read_block

.text.abort     0x0000000000000b20        0x6
 .text.abort    0x0000000000000b20        0x6 c:/program files/microchip/xc8/v3.00/avr/bin/../lib/gcc/avr/5.4.0/../../../../avr/lib/avrxmega3/short-calls\libc.a(abort.o)
                0x0000000000000b20                abort

.text           0x0000000000000b26        0x2
 .text          0x0000000000000b26        0x2 C:/Program Files/Microchip/MPLABX/v6.25/packs/Microchip/ATtiny_DFP/3.2.268/xc8/avr/lib/avrxmega3/short-calls/crtattiny416.o
                0x0000000000000b26                __vector_22
                0x0000000000000b26                __vector_1
                0x0000000000000b26                __vector_24
                0x0000000000000b26                __vector_12
                0x0000000000000b26                __bad_interrupt
                0x0000000000000b26                __vector_6
                0x0000000000000b26                __vector_3
                0x0000000000000b26                __vector_23
                0x0000000000000b26                __vector_25
                0x0000000000000b26                __vector_11
                0x0000000000000b26                __vector_13
                0x0000000000000b26                __vector_17
                0x0000000000000b26                __vector_19
                0x0000000000000b26                __vector_7
                0x0000000000000b26                __vector_5
                0x0000000000000b26                __vector_4
                0x0000000000000b26                __vector_9
                0x0000000000000b26                __vector_21
                0x0000000000000b26                __vector_15
                0x0000000000000b26                __vector_8
                0x0000000000000b26                __vector_14
                0x0000000000000b26                __vector_10
                0x0000000000000b26                __vector_16
                0x0000000000000b26                __vector_18
                0x0000000000000b26                __vector_20

.text.__dummy_fini
                0x0000000000000b28        0x2
 .text.__dummy_fini
                0x0000000000000b28        0x2 c:/program files/microchip/xc8/v3.00/avr/bin/../lib/gcc/avr/5.4.0/../../../../avr/lib/avrxmega3/short-calls\libc.a(exit.o)
                0x0000000000000b28                _fini

.text.__dummy_funcs_on_exit
                0x0000000000000b2a        0x2
 .text.__dummy_funcs_on_exit
                0x0000000000000b2a        0x2 c:/program files/microchip/xc8/v3.00/avr/bin/../lib/gcc/avr/5.4.0/../../../../avr/lib/avrxmega3/short-calls\libc.a(exit.o)
                0x0000000000000b2a                __funcs_on_exit

.text.__dummy_simulator_exit
                0x0000000000000b2c        0x2
 .text.__dummy_simulator_exit
                0x0000000000000b2c        0x2 c:/program files/microchip/xc8/v3.00/avr/bin/../lib/gcc/avr/5.4.0/../../../../avr/lib/avrxmega3/short-calls\libc.a(exit.o)
                0x0000000000000b2c                __simulator_exit

.text._Exit     0x0000000000000b2e        0x2
 .text._Exit    0x0000000000000b2e        0x2 c:/program files/microchip/xc8/v3.00/avr/bin/../lib/gcc/avr/5.4.0/../../../../avr/lib/avrxmega3/short-calls\libc.a(_Exit.o)
                0x0000000000000b2e                _Exit
